******************chef_workstation**********************************

root@ip-172-31-39-65:~/chef-repo/.chef# cat knife.rb
# See http://docs.chef.io/config_rb_knife.html for more information on knife configuration options

current_dir = File.dirname(__FILE__)
log_level                :info
log_location             STDOUT
node_name                "loverajarani"
client_key               "#{current_dir}/loverajarani.pem"
chef_server_url          "https://api.chef.io/organizations/rabidus"
cookbook_path            ["#{current_dir}/../cookbooks"]
root@ip-172-31-39-65:~/chef-repo/.chef#

**************** IN AWS *******************************************************
root@ip-172-31-39-65:~# ls -a
.  ..  .bash_history  .bashrc  chefdk_3.1.0-1_amd64.deb  chef-repo  chef-starter.zip  loverajarani4091.pem  .profile  snap  .ssh
root@ip-172-31-39-65:~# cat .profile 
# ~/.profile: executed by Bourne-compatible login shells.

if [ "$BASH" ]; then
  if [ -f ~/.bashrc ]; then
    . ~/.bashrc
  fi
fi

mesg n || true
root@ip-172-31-39-65:~#


root@ip-172-31-39-65:~# cd chef-repo/
root@ip-172-31-39-65:~/chef-repo# ls -a
.  ..  .chef  cookbooks  .gitignore  loverajarani4091.pem  README.md  roles
root@ip-172-31-39-65:~/chef-repo# cd .chef/
root@ip-172-31-39-65:~/chef-repo/.chef# ls
knife.rb  loverajarani.pem  syntaxcache
root@ip-172-31-39-65:~/chef-repo/.chef# cat loverajarani.pem 
-----BEGIN RSA PRIVATE KEY-----
MIIEowIBAAKCAQEA8EqUiXPabkJnVNhhb5/ZNyAOAI/f92NkQ+dkABUdGLLAj/Dx
VBKNwvqrfMCMwy+dLZsakxkjzj16hXVWYKx5AtkM77e910ZfL7GEzO1n503zzLKe
ZgVHe63pkbtJOfEhv+ODaEuub/yM3gEF1LlKvYMPoDnmBITJXbkjSw0I+CWvFA9b
1MUQgLBkaCCooK+42aqyutb1THDmJu1mZ6TxOAFoNUaCBmBAUy2ySvMBwN6OAc5N
GuNnHUnY/rnpV/0h7nhskCrVgKWbv8gQ4WRYxs0seq+LikeXu5LCOwOU0NuP33S2
1VDpIvXeD3Uekz6+bKho8UlfusJbk3kepffb+QIDAQABAoIBAB8g6kEsOv3RqGU7
atP1F0Sm6Gl2OgNoYtLRJQlFsvFCJuP+yKSliqvZoWGV6CZZArmnwDeSKCtNl5O2
cawwa7TMvXpIiVVcDnS1QIjzsGQsmwrHkPGSeYIyM3Hnm0LgVAjxxlI6i6yCQRV5
eHHoVyBZ3Cpblcq8EQINO987HxBWQSWAG2JT3rrGYlibHJ2uIl475jJEeoWXw4Ca
MlrXQT2EOmUTwM7EhIhudpMJ+8a+1n/PlqJREzMdSK5QmBSUfNOYpzouzfNRVcHI
xDvkyfcGz29PprAU1jmC8CFEmHuyA+w8DLlTLDAHpXxjfIGpTZN5IKgVChA+bD+A
qF6PK6ECgYEA+65fwq3cUPsp7GIWuZVvN91ofcdvBaAXKL/e6bbcEirsXtAsYkme
vcb7xwuwv1PuDcqrmd8nlNTU09TVKUjGejZwQoDR6YFHZIzsNWoM4K1pzd5CaGC9
J+uzWOKxLRsdyA/JpYr3oEftf3PHPS8KG67Kga47tTw3jwCqoaiwq9UCgYEA9Gor
zWylSztQpFGebmMJBUlC+lP/CjSxwQKJACB7zCboxkuHGc/F0BKl24WuAIyU6x5o
R7XNYpcU9WAhd3nB64+VA8zzABNpR5F2qbGRENxGSb3NoJt5PYGPZVvMOzH1CFTT
Q02bwbu9Hzmm+oEoiYKf9waTTNw+UOM6UdVt9ZUCgYBvT5LIrk5Hfp3vDv7P+3hh
88l3/5FpooE7o4h6Q0aXvmYmFNncaoULmArY4KG+LOeXL/CvMBP4bhzmxzWzeZ1W
hecmcoTkSioCHZWGli213NxzkX47XbWrB0Kd6DzGHz0Ps3PShGC6gbVXbiRLOhe1
YJvtuNptcIF9/KR6tPnWNQKBgQCJkw1uxr3Pt+ZvZ4WvCs20DQXHU+pVu01mn9+v
k5k7U5dornCwRbRJp4V2KCvGIVtdcLMv0hR2byYb6+1Ki91sk1hEWGNbYpG6+BT7
9Xf7LpHdxhltUrYOudOWMPKnSzpqYxy7YH7QsLUGU3Q6wuKnbEBQUoItHDdzXkOg
dms7dQKBgBJAlrOqs1YnN4UrAcxcZAiNPn0Ezmx5Jsv/tQqaakhqAchplZsqbQF/
LA6zKSsqO1Ujm0aM6Lc+j86xhEuAnIrwfjGxHsZNM9uORgUahRcz3dLs8PZtuQ9X
3JkvjbGlIyHX/wFKWKlQhjcwxMHCDMCMbKGxHLXd0NmKaNdAr+zA
-----END RSA PRIVATE KEY-----root@ip-172-31-39-65:~/chef-repo/.chef# 
root@ip-172-31-39-65:~/chef-repo/.chef#


##################### in /etc  ###########################

root@ip-172-31-39-65:/etc# cd chef
-bash: cd: chef: No such file or directory
root@ip-172-31-39-65:/etc# cd chef-server
-bash: cd: chef-server: No such file or directory
root@ip-172-31-39-65:/etc# cd .chef
-bash: cd: .chef: No such file or directory
root@ip-172-31-39-65:/etc# 

***************************************************************






