root@ip-172-31-32-95:~# sudo apt-get update
Hit:1 http://us-east-2.ec2.archive.ubuntu.com/ubuntu xenial InRelease
Get:2 http://us-east-2.ec2.archive.ubuntu.com/ubuntu xenial-updates InRelease [109 kB]
Get:3 http://us-east-2.ec2.archive.ubuntu.com/ubuntu xenial-backports InRelease [107 kB]
Get:4 http://security.ubuntu.com/ubuntu xenial-security InRelease [107 kB]     
Get:5 http://us-east-2.ec2.archive.ubuntu.com/ubuntu xenial/main Sources [868 kB]
Get:6 http://us-east-2.ec2.archive.ubuntu.com/ubuntu xenial/restricted Sources [4,808 B]
Get:7 http://us-east-2.ec2.archive.ubuntu.com/ubuntu xenial/universe Sources [7,728 kB]
Get:8 http://ppa.launchpad.net/webupd8team/java/ubuntu xenial InRelease [17.5 kB]
Get:9 http://us-east-2.ec2.archive.ubuntu.com/ubuntu xenial/multiverse Sources [179 kB]
Get:10 http://us-east-2.ec2.archive.ubuntu.com/ubuntu xenial/universe amd64 Packages [7,532 kB]
Get:11 http://us-east-2.ec2.archive.ubuntu.com/ubuntu xenial/universe Translation-en [4,354 kB]
Get:12 http://us-east-2.ec2.archive.ubuntu.com/ubuntu xenial/multiverse amd64 Packages [144 kB]
Get:13 http://us-east-2.ec2.archive.ubuntu.com/ubuntu xenial/multiverse Translation-en [106 kB]
Get:14 http://us-east-2.ec2.archive.ubuntu.com/ubuntu xenial-updates/main Sources [319 kB]
Get:15 http://security.ubuntu.com/ubuntu xenial-security/main Sources [132 kB] 
Get:16 http://us-east-2.ec2.archive.ubuntu.com/ubuntu xenial-updates/restricted Sources [2,528 B]
Get:17 http://us-east-2.ec2.archive.ubuntu.com/ubuntu xenial-updates/universe Sources [219 kB]
Get:18 http://us-east-2.ec2.archive.ubuntu.com/ubuntu xenial-updates/multiverse Sources [8,408 B]
Get:19 http://us-east-2.ec2.archive.ubuntu.com/ubuntu xenial-updates/main amd64 Packages [841 kB]
Get:20 http://us-east-2.ec2.archive.ubuntu.com/ubuntu xenial-updates/main Translation-en [344 kB]
Get:21 http://security.ubuntu.com/ubuntu xenial-security/restricted Sources [2,116 B]
Get:22 http://us-east-2.ec2.archive.ubuntu.com/ubuntu xenial-updates/universe amd64 Packages [681 kB]
Get:23 http://security.ubuntu.com/ubuntu xenial-security/universe Sources [72.8 kB]
Get:24 http://us-east-2.ec2.archive.ubuntu.com/ubuntu xenial-updates/universe Translation-en [275 kB]
Get:25 http://us-east-2.ec2.archive.ubuntu.com/ubuntu xenial-updates/multiverse amd64 Packages [16.4 kB]
Get:26 http://us-east-2.ec2.archive.ubuntu.com/ubuntu xenial-updates/multiverse Translation-en [8,344 B]
Get:27 http://us-east-2.ec2.archive.ubuntu.com/ubuntu xenial-backports/main Sources [4,488 B]
Get:28 http://us-east-2.ec2.archive.ubuntu.com/ubuntu xenial-backports/universe Sources [6,740 B]
Get:29 http://us-east-2.ec2.archive.ubuntu.com/ubuntu xenial-backports/main amd64 Packages [6,756 B]
Get:30 http://us-east-2.ec2.archive.ubuntu.com/ubuntu xenial-backports/main Translation-en [4,180 B]
Get:31 http://us-east-2.ec2.archive.ubuntu.com/ubuntu xenial-backports/universe amd64 Packages [7,420 B]
Get:32 http://us-east-2.ec2.archive.ubuntu.com/ubuntu xenial-backports/universe Translation-en [3,996 B]
Get:33 http://security.ubuntu.com/ubuntu xenial-security/multiverse Sources [2,088 B]
Get:34 http://security.ubuntu.com/ubuntu xenial-security/main amd64 Packages [550 kB]
Get:35 http://security.ubuntu.com/ubuntu xenial-security/main Translation-en [233 kB]
Get:36 http://security.ubuntu.com/ubuntu xenial-security/universe amd64 Packages [369 kB]
Get:37 http://security.ubuntu.com/ubuntu xenial-security/universe Translation-en [140 kB]
Get:38 http://security.ubuntu.com/ubuntu xenial-security/multiverse amd64 Packages [3,456 B]
Get:39 http://ppa.launchpad.net/webupd8team/java/ubuntu xenial/main amd64 Packages [1,556 B]
Get:40 http://security.ubuntu.com/ubuntu xenial-security/multiverse Translation-en [1,744 B]
Get:41 http://ppa.launchpad.net/webupd8team/java/ubuntu xenial/main Translation-en [928 B]
Fetched 25.5 MB in 4s (5,371 kB/s)                                        
Reading package lists... Done
root@ip-172-31-32-95:~# sudo apt-get install default-jre
Reading package lists... Done
Building dependency tree       
Reading state information... Done
default-jre is already the newest version (2:1.8-56ubuntu2).
default-jre set to manually installed.
0 upgraded, 0 newly installed, 0 to remove and 11 not upgraded.
root@ip-172-31-32-95:~# sudo apt-get install default-jre
Reading package lists... Done
Building dependency tree       
Reading state information... Done
default-jre is already the newest version (2:1.8-56ubuntu2).
0 upgraded, 0 newly installed, 0 to remove and 11 not upgraded.
root@ip-172-31-32-95:~# sudo apt-get install default-jdk
Reading package lists... Done
Building dependency tree       
Reading state information... Done
default-jdk is already the newest version (2:1.8-56ubuntu2).
0 upgraded, 0 newly installed, 0 to remove and 11 not upgraded.
root@ip-172-31-32-95:~# sudo add-apt-repository ppa:webupd8team/java
 Oracle Java (JDK) Installer (automatically downloads and installs Oracle JDK8). There are no actual Java files in this PPA.

Important -> Why Oracle Java 7 And 6 Installers No Longer Work: http://www.webupd8.org/2017/06/why-oracle-java-7-and-6-installers-no.html

Update: Oracle Java 9 has reached end of life: http://www.oracle.com/technetwork/java/javase/downloads/jdk9-downloads-3848520.html

The PPA supports Ubuntu 18.04, 17.10, 16.04, 14.04 and 12.04.

More info (and Ubuntu installation instructions):
- for Oracle Java 8: http://www.webupd8.org/2012/09/install-oracle-java-8-in-ubuntu-via-ppa.html

Debian installation instructions:
- Oracle Java 8: http://www.webupd8.org/2014/03/how-to-install-oracle-java-8-in-debian.html

For Oracle Java 10, see a different PPA: https://www.linuxuprising.com/2018/04/install-oracle-java-10-in-ubuntu-or.html
 More info: https://launchpad.net/~webupd8team/+archive/ubuntu/java
Press [ENTER] to continue or ctrl-c to cancel adding it

gpg: keyring `/tmp/tmp9vqjl2w6/secring.gpg' created
gpg: keyring `/tmp/tmp9vqjl2w6/pubring.gpg' created
gpg: requesting key EEA14886 from hkp server keyserver.ubuntu.com
gpg: /tmp/tmp9vqjl2w6/trustdb.gpg: trustdb created
gpg: key EEA14886: public key "Launchpad VLC" imported
gpg: no ultimately trusted keys found
gpg: Total number processed: 1
gpg:               imported: 1  (RSA: 1)
OK
root@ip-172-31-32-95:~# sudo apt-get update
Hit:1 http://us-east-2.ec2.archive.ubuntu.com/ubuntu xenial InRelease
Hit:2 http://us-east-2.ec2.archive.ubuntu.com/ubuntu xenial-updates InRelease  
Hit:3 http://us-east-2.ec2.archive.ubuntu.com/ubuntu xenial-backports InRelease
Hit:4 http://security.ubuntu.com/ubuntu xenial-security InRelease              
Hit:5 http://ppa.launchpad.net/webupd8team/java/ubuntu xenial InRelease 
Reading package lists... Done                     
root@ip-172-31-32-95:~# sudo apt-get install oracle-java8-installer
Reading package lists... Done
Building dependency tree       
Reading state information... Done
The following additional packages will be installed:
  binutils gsfonts gsfonts-x11 libfontenc1 libxfont1 oracle-java8-set-default
  xfonts-encodings xfonts-utils
Suggested packages:
  binutils-doc binfmt-support visualvm ttf-baekmuk | ttf-unfonts
  | ttf-unfonts-core ttf-kochi-gothic | ttf-sazanami-gothic ttf-kochi-mincho
  | ttf-sazanami-mincho ttf-arphic-uming firefox | firefox-2 | iceweasel
  | mozilla-firefox | iceape-browser | mozilla-browser | epiphany-gecko
  | epiphany-webkit | epiphany-browser | galeon | midbrowser
  | moblin-web-browser | xulrunner | xulrunner-1.9 | konqueror
  | chromium-browser | midori | google-chrome
The following NEW packages will be installed:
  binutils gsfonts gsfonts-x11 libfontenc1 libxfont1 oracle-java8-installer
  oracle-java8-set-default xfonts-encodings xfonts-utils
0 upgraded, 9 newly installed, 0 to remove and 11 not upgraded.
Need to get 6,489 kB of archives.
After this operation, 20.1 MB of additional disk space will be used.
Do you want to continue? [Y/n] y
Get:1 http://us-east-2.ec2.archive.ubuntu.com/ubuntu xenial-updates/main amd64 binutils amd64 2.26.1-1ubuntu1~16.04.6 [2,311 kB]
Get:2 http://us-east-2.ec2.archive.ubuntu.com/ubuntu xenial/main amd64 gsfonts all 1:8.11+urwcyr1.0.7~pre44-4.2ubuntu1 [3,374 kB]
Get:3 http://us-east-2.ec2.archive.ubuntu.com/ubuntu xenial/main amd64 libfontenc1 amd64 1:1.1.3-1 [13.9 kB]
Get:4 http://us-east-2.ec2.archive.ubuntu.com/ubuntu xenial-updates/main amd64 libxfont1 amd64 1:1.5.1-1ubuntu0.16.04.4 [95.0 kB]
Get:5 http://us-east-2.ec2.archive.ubuntu.com/ubuntu xenial/main amd64 xfonts-encodings all 1:1.0.4-2 [573 kB]
Get:6 http://us-east-2.ec2.archive.ubuntu.com/ubuntu xenial-updates/main amd64 xfonts-utils amd64 1:7.7+3ubuntu0.16.04.2 [74.6 kB]
Get:7 http://us-east-2.ec2.archive.ubuntu.com/ubuntu xenial/universe amd64 gsfonts-x11 all 0.24 [7,314 B]
Get:8 http://ppa.launchpad.net/webupd8team/java/ubuntu xenial/main amd64 oracle-java8-installer all 8u181-1~webupd8~1 [32.9 kB]
Get:9 http://ppa.launchpad.net/webupd8team/java/ubuntu xenial/main amd64 oracle-java8-set-default all 8u181-1~webupd8~1 [6,924 B]
Fetched 6,489 kB in 0s (14.0 MB/s)                  
Preconfiguring packages ...
Selecting previously unselected package binutils.
(Reading database ... 58191 files and directories currently installed.)
Preparing to unpack .../binutils_2.26.1-1ubuntu1~16.04.6_amd64.deb ...
Unpacking binutils (2.26.1-1ubuntu1~16.04.6) ...
Processing triggers for libc-bin (2.23-0ubuntu10) ...
Processing triggers for man-db (2.7.5-1) ...
Setting up binutils (2.26.1-1ubuntu1~16.04.6) ...
Processing triggers for libc-bin (2.23-0ubuntu10) ...
Selecting previously unselected package oracle-java8-installer.
(Reading database ... 58400 files and directories currently installed.)
Preparing to unpack .../oracle-java8-installer_8u181-1~webupd8~1_all.deb ...
Unpacking oracle-java8-installer (8u181-1~webupd8~1) ...
Processing triggers for hicolor-icon-theme (0.15-0ubuntu1.1) ...
Processing triggers for mime-support (3.59ubuntu1) ...
Processing triggers for shared-mime-info (1.5-2ubuntu0.2) ...
Setting up oracle-java8-installer (8u181-1~webupd8~1) ...
No /var/cache/oracle-jdk8-installer/wgetrc file found.
Creating /var/cache/oracle-jdk8-installer/wgetrc and
using default oracle-java8-installer wgetrc settings for it.
Downloading Oracle Java 8...
--2018-09-03 12:41:04--  http://download.oracle.com/otn-pub/java/jdk/8u181-b13/96a7b8442fe848ef90c96a2fad6ed6d1/jdk-8u181-linux-x64.tar.gz
Resolving download.oracle.com (download.oracle.com)... 23.48.204.216
Connecting to download.oracle.com (download.oracle.com)|23.48.204.216|:80... connected.
HTTP request sent, awaiting response... 302 Moved Temporarily
Location: https://edelivery.oracle.com/otn-pub/java/jdk/8u181-b13/96a7b8442fe848ef90c96a2fad6ed6d1/jdk-8u181-linux-x64.tar.gz [following]
--2018-09-03 12:41:04--  https://edelivery.oracle.com/otn-pub/java/jdk/8u181-b13/96a7b8442fe848ef90c96a2fad6ed6d1/jdk-8u181-linux-x64.tar.gz
Resolving edelivery.oracle.com (edelivery.oracle.com)... 23.221.1.16, 2600:1407:10:2af::2d3e, 2600:1407:10:284::2d3e
Connecting to edelivery.oracle.com (edelivery.oracle.com)|23.221.1.16|:443... connected.
HTTP request sent, awaiting response... 302 Moved Temporarily
Location: http://download.oracle.com/otn-pub/java/jdk/8u181-b13/96a7b8442fe848ef90c96a2fad6ed6d1/jdk-8u181-linux-x64.tar.gz?AuthParam=1535978585_8a8508c7b71d142ef41c97008a2ec29e [following]
--2018-09-03 12:41:05--  http://download.oracle.com/otn-pub/java/jdk/8u181-b13/96a7b8442fe848ef90c96a2fad6ed6d1/jdk-8u181-linux-x64.tar.gz?AuthParam=1535978585_8a8508c7b71d142ef41c97008a2ec29e
Connecting to download.oracle.com (download.oracle.com)|23.48.204.216|:80... connected.
HTTP request sent, awaiting response... 200 OK
Length: 185646832 (177M) [application/x-gzip]
Saving to: ‘jdk-8u181-linux-x64.tar.gz’

     0K ........ ........ ........ ........ ........ ........  1% 13.3M 13s
  3072K ........ ........ ........ ........ ........ ........  3% 16.8M 12s
  6144K ........ ........ ........ ........ ........ ........  5% 17.0M 11s
  9216K ........ ........ ........ ........ ........ ........  6% 17.1M 10s
 12288K ........ ........ ........ ........ ........ ........  8% 7.51M 12s
 15360K ........ ........ ........ ........ ........ ........ 10% 16.7M 12s
 18432K ........ ........ ........ ........ ........ ........ 11% 15.8M 11s
 21504K ........ ........ ........ ........ ........ ........ 13% 17.2M 11s
 24576K ........ ........ ........ ........ ........ ........ 15% 19.4M 10s
 27648K ........ ........ ........ ........ ........ ........ 16% 16.8M 10s
 30720K ........ ........ ........ ........ ........ ........ 18% 21.6M 9s
 33792K ........ ........ ........ ........ ........ ........ 20% 17.1M 9s
 36864K ........ ........ ........ ........ ........ ........ 22% 7.88M 10s
 39936K ........ ........ ........ ........ ........ ........ 23% 7.30M 10s
 43008K ........ ........ ........ ........ ........ ........ 25% 17.0M 10s
 46080K ........ ........ ........ ........ ........ ........ 27% 5.67M 10s
 49152K ........ ........ ........ ........ ........ ........ 28% 16.9M 10s
 52224K ........ ........ ........ ........ ........ ........ 30% 17.0M 10s
 55296K ........ ........ ........ ........ ........ ........ 32% 4.13M 10s
 58368K ........ ........ ........ ........ ........ ........ 33% 21.5M 10s
 61440K ........ ........ ........ ........ ........ ........ 35% 17.5M 9s
 64512K ........ ........ ........ ........ ........ ........ 37% 16.7M 9s
 67584K ........ ........ ........ ........ ........ ........ 38% 17.1M 9s
 70656K ........ ........ ........ ........ ........ ........ 40% 17.1M 8s
 73728K ........ ........ ........ ........ ........ ........ 42% 4.61M 9s
 76800K ........ ........ ........ ........ ........ ........ 44% 7.35M 9s
 79872K ........ ........ ........ ........ ........ ........ 45% 17.1M 8s
 82944K ........ ........ ........ ........ ........ ........ 47% 17.2M 8s
 86016K ........ ........ ........ ........ ........ ........ 49% 4.78M 8s
 89088K ........ ........ ........ ........ ........ ........ 50% 17.2M 8s
 92160K ........ ........ ........ ........ ........ ........ 52% 17.1M 7s
 95232K ........ ........ ........ ........ ........ ........ 54% 7.30M 7s
 98304K ........ ........ ........ ........ ........ ........ 55% 7.51M 7s
101376K ........ ........ ........ ........ ........ ........ 57% 17.3M 7s
104448K ........ ........ ........ ........ ........ ........ 59% 4.58M 7s
107520K ........ ........ ........ ........ ........ ........ 61% 17.0M 6s
110592K ........ ........ ........ ........ ........ ........ 62% 7.48M 6s
113664K ........ ........ ........ ........ ........ ........ 64% 17.0M 6s
116736K ........ ........ ........ ........ ........ ........ 66% 17.3M 6s
119808K ........ ........ ........ ........ ........ ........ 67% 17.5M 5s
122880K ........ ........ ........ ........ ........ ........ 69% 7.47M 5s
125952K ........ ........ ........ ........ ........ ........ 71% 5.26M 5s
129024K ........ ........ ........ ........ ........ ........ 72% 17.4M 4s
132096K ........ ........ ........ ........ ........ ........ 74% 16.9M 4s
135168K ........ ........ ........ ........ ........ ........ 76% 7.53M 4s
138240K ........ ........ ........ ........ ........ ........ 77% 17.0M 4s
141312K ........ ........ ........ ........ ........ ........ 79% 17.3M 3s
144384K ........ ........ ........ ........ ........ ........ 81% 17.0M 3s
147456K ........ ........ ........ ........ ........ ........ 83% 4.77M 3s
150528K ........ ........ ........ ........ ........ ........ 84% 7.16M 3s
153600K ........ ........ ........ ........ ........ ........ 86% 17.3M 2s
156672K ........ ........ ........ ........ ........ ........ 88% 7.26M 2s
159744K ........ ........ ........ ........ ........ ........ 89% 7.35M 2s
162816K ........ ........ ........ ........ ........ ........ 91% 17.1M 1s
165888K ........ ........ ........ ........ ........ ........ 93% 17.1M 1s
168960K ........ ........ ........ ........ ........ ........ 94% 17.1M 1s
172032K ........ ........ ........ ........ ........ ........ 96% 18.6M 1s
175104K ........ ........ ........ ........ ........ ........ 98% 17.2M 0s
178176K ........ ........ ........ ........ ........ ........ 99% 16.8M 0s
181248K                                                      100% 4.29M=16s

2018-09-03 12:41:21 (10.9 MB/s) - ‘jdk-8u181-linux-x64.tar.gz’ saved [185646832/185646832]

Download done.
Removing outdated cached downloads...
update-alternatives: using /usr/lib/jvm/java-8-oracle/jre/bin/ControlPanel to provide /usr/bin/ControlPanel (ControlPanel) in auto mode
update-alternatives: using /usr/lib/jvm/java-8-oracle/jre/bin/javaws to provide /usr/bin/javaws (javaws) in auto mode
update-alternatives: using /usr/lib/jvm/java-8-oracle/jre/bin/jcontrol to provide /usr/bin/jcontrol (jcontrol) in auto mode
update-alternatives: using /usr/lib/jvm/java-8-oracle/bin/javafxpackager to provide /usr/bin/javafxpackager (javafxpackager) in auto mode
update-alternatives: using /usr/lib/jvm/java-8-oracle/bin/javapackager to provide /usr/bin/javapackager (javapackager) in auto mode
update-alternatives: using /usr/lib/jvm/java-8-oracle/bin/jmc to provide /usr/bin/jmc (jmc) in auto mode
update-alternatives: using /usr/lib/jvm/java-8-oracle/bin/jvisualvm to provide /usr/bin/jvisualvm (jvisualvm) in auto mode
update-alternatives: using /usr/lib/jvm/java-8-oracle/jre/lib/amd64/libnpjp2.so to provide /usr/lib/mozilla/plugins/libjavaplugin.so (mozilla-javaplugin.so) in auto mode
Oracle JDK 8 installed

#####Important########
To set Oracle JDK8 as default, install the "oracle-java8-set-default" package.
E.g.: sudo apt install oracle-java8-set-default
On Ubuntu systems, oracle-java8-set-default is most probably installed
automatically with this package.
######################

Selecting previously unselected package oracle-java8-set-default.
(Reading database ... 58428 files and directories currently installed.)
Preparing to unpack .../oracle-java8-set-default_8u181-1~webupd8~1_all.deb ...
Unpacking oracle-java8-set-default (8u181-1~webupd8~1) ...
Selecting previously unselected package gsfonts.
Preparing to unpack .../gsfonts_1%3a8.11+urwcyr1.0.7~pre44-4.2ubuntu1_all.deb ...
Unpacking gsfonts (1:8.11+urwcyr1.0.7~pre44-4.2ubuntu1) ...
Selecting previously unselected package libfontenc1:amd64.
Preparing to unpack .../libfontenc1_1%3a1.1.3-1_amd64.deb ...
Unpacking libfontenc1:amd64 (1:1.1.3-1) ...
Selecting previously unselected package libxfont1:amd64.
Preparing to unpack .../libxfont1_1%3a1.5.1-1ubuntu0.16.04.4_amd64.deb ...
Unpacking libxfont1:amd64 (1:1.5.1-1ubuntu0.16.04.4) ...
Selecting previously unselected package xfonts-encodings.
Preparing to unpack .../xfonts-encodings_1%3a1.0.4-2_all.deb ...
Unpacking xfonts-encodings (1:1.0.4-2) ...
Selecting previously unselected package xfonts-utils.
Preparing to unpack .../xfonts-utils_1%3a7.7+3ubuntu0.16.04.2_amd64.deb ...
Unpacking xfonts-utils (1:7.7+3ubuntu0.16.04.2) ...
Selecting previously unselected package gsfonts-x11.
Preparing to unpack .../gsfonts-x11_0.24_all.deb ...
Unpacking gsfonts-x11 (0.24) ...
Processing triggers for fontconfig (2.11.94-0ubuntu1.1) ...
Processing triggers for libc-bin (2.23-0ubuntu10) ...
Processing triggers for man-db (2.7.5-1) ...
Setting up oracle-java8-set-default (8u181-1~webupd8~1) ...
Setting up gsfonts (1:8.11+urwcyr1.0.7~pre44-4.2ubuntu1) ...
Setting up libfontenc1:amd64 (1:1.1.3-1) ...
Setting up libxfont1:amd64 (1:1.5.1-1ubuntu0.16.04.4) ...
Setting up xfonts-encodings (1:1.0.4-2) ...
Setting up xfonts-utils (1:7.7+3ubuntu0.16.04.2) ...
Setting up gsfonts-x11 (0.24) ...
Processing triggers for libc-bin (2.23-0ubuntu10) ...
root@ip-172-31-32-95:~# sudo update-alternatives --config java
There are 2 choices for the alternative java (providing /usr/bin/java).

  Selection    Path                                            Priority   Status
------------------------------------------------------------
  0            /usr/lib/jvm/java-8-oracle/jre/bin/java          1081      auto mode
  1            /usr/lib/jvm/java-8-openjdk-amd64/jre/bin/java   1081      manual mode
* 2            /usr/lib/jvm/java-8-oracle/jre/bin/java          1081      manual mode

Press <enter> to keep the current choice[*], or type selection number: 0
root@ip-172-31-32-95:~# sudo update-alternatives --config command
update-alternatives: error: no alternatives for command
root@ip-172-31-32-95:~# sudo update-alternatives --config 0
update-alternatives: error: no alternatives for 0
root@ip-172-31-32-95:~# sudo update-alternatives --config command
update-alternatives: error: no alternatives for command
root@ip-172-31-32-95:~# sudo update-alternatives --config java
There are 2 choices for the alternative java (providing /usr/bin/java).

  Selection    Path                                            Priority   Status
------------------------------------------------------------
* 0            /usr/lib/jvm/java-8-oracle/jre/bin/java          1081      auto mode
  1            /usr/lib/jvm/java-8-openjdk-amd64/jre/bin/java   1081      manual mode
  2            /usr/lib/jvm/java-8-oracle/jre/bin/java          1081      manual mode

Press <enter> to keep the current choice[*], or type selection number: 0
root@ip-172-31-32-95:~# udo nano /etc/environment
The program 'udo' is currently not installed. You can install it by typing:
apt install udo
root@ip-172-31-32-95:~# sudo nano /etc/environment
root@ip-172-31-32-95:~# sudo nano /etc/environment
root@ip-172-31-32-95:~# vi /etc/environment
root@ip-172-31-32-95:~# source /etc/environment
root@ip-172-31-32-95:~# echo $JAVA_HOME
/usr/lib/jvm/java-8-oracle
root@ip-172-31-32-95:~# java -version
java version "1.8.0_181"
Java(TM) SE Runtime Environment (build 1.8.0_181-b13)
Java HotSpot(TM) 64-Bit Server VM (build 25.181-b13, mixed mode)
root@ip-172-31-32-95:~# 
